// Jest Snapshot v1, https://goo.gl/fbAQLP

exports[`Button should render snapshot 1`] = `
<button
  className="button"
  type="button"
>
  Button
</button>
`;
