// Jest Snapshot v1, https://goo.gl/fbAQLP

exports[`Typography should render snapshot 1`] = `
Array [
  <h1>
    Heading 1
  </h1>,
  <h2>
    Heading 2
  </h2>,
  <p>
    Paragraph
  </p>,
  <div>
    Block Division
  </div>,
  <span>
    Text Span
  </span>,
  <label>
    Label
  </label>,
]
`;
