// Jest Snapshot v1, https://goo.gl/fbAQLP

exports[`UrlMaps should render snapshot 1`] = `null`;
