// Jest Snapshot v1, https://goo.gl/fbAQLP

exports[`Form should render snapshot 1`] = `
<form
  onSubmit={[Function]}
>
  Children within Form
</form>
`;
